
> nexton@1.0.0 web /app
> expo start --web

Starting project at /app
Using src/app as the root directory for Expo Router.
React Compiler enabled
Starting Metro Bundler

Waiting on http://localhost:8081

Logs for your project will appear below.
|   [tamagui] skipped loading 2 module, see: https://tamagui.dev/docs/intro/errors#warning-001
|   [tamagui] skipped loading 2 module, see: https://tamagui.dev/docs/intro/errors#warning-001
|   [tamagui] skipped loading 2 module, see: https://tamagui.dev/docs/intro/errors#warning-001
|  🐥 [tamagui]  [33mnative[0m profile                    ·    3 found   ·    3 opt   ·    3 flat    23ms
|  🐥 [tamagui]  [33mnative[0m discover                   ·   56 found   ·   54 opt   ·   43 flat  7076ms
|  🐥 [tamagui]  [33mnative[0m [episode]                  ·   21 found   ·   19 opt   ·   16 flat    70ms
|  🐥 [tamagui]  [33mnative[0m watchlist                  ·   62 found   ·   58 opt   ·   46 flat   218ms
|  🐥 [tamagui]  [33mnative[0m [id]                       ·   58 found   ·   55 opt   ·   42 flat   188ms
|  🐥 [tamagui]  [33mnative[0m watchlist                  ·   62 found   ·   58 opt   ·   46 flat   158ms
|  🐥 [tamagui]  [33mnative[0m profile                    ·    3 found   ·    3 opt   ·    3 flat     5ms
|  🐥 [tamagui]  [33mnative[0m discover                   ·   56 found   ·   54 opt   ·   43 flat   126ms
|  🐥 [tamagui]  [33mnative[0m [episode]                  ·   21 found   ·   19 opt   ·   16 flat    60ms
|  🐥 [tamagui]  [33mnative[0m [id]                       ·   58 found   ·   55 opt   ·   42 flat   179ms
λ Bundled 42661ms node_modules/.pnpm/@expo+router-server@57.0.2_@expo+metro-runtime@57.0.3_expo-constants@57.0.3_expo-font@5_79e81ada88581ae96911464929492dbb/node_modules/@expo/router-server/node/render.js (2238 modules)
Web Bundled 45252ms node_modules/.pnpm/expo-router@57.0.4_2a65daf3c909213facf431583c17dc0c/node_modules/expo-router/entry.js (1864 modules)
λ Bundled 100ms node_modules/.pnpm/@expo+router-server@57.0.2_@expo+metro-runtime@57.0.3_expo-constants@57.0.3_expo-font@5_79e81ada88581ae96911464929492dbb/node_modules/@expo/router-server/node/render.js (1 module)
Web Bundled 1414ms node_modules/.pnpm/expo-router@57.0.4_2a65daf3c909213facf431583c17dc0c/node_modules/expo-router/entry.js (1 module)
|  🐥 [tamagui]  [33mnative[0m profile                    ·    3 found   ·    3 opt   ·    3 flat    23ms
|  🐥 [tamagui]  [33mnative[0m [episode]                  ·   21 found   ·   19 opt   ·   16 flat    62ms
|  🐥 [tamagui]  [33mnative[0m watchlist                  ·   62 found   ·   58 opt   ·   46 flat   171ms
|  🐥 [tamagui]  [33mnative[0m discover                   ·   56 found   ·   54 opt   ·   43 flat   143ms
|  🐥 [tamagui]  [33mnative[0m [id]                       ·   58 found   ·   55 opt   ·   42 flat   171ms
Web Bundled 15527ms node_modules/.pnpm/expo-router@57.0.4_2a65daf3c909213facf431583c17dc0c/node_modules/expo-router/entry.js (1875 modules)
Web  INFO  %cDownload the React DevTools for a better development experience: https://react.dev/link/react-devtools font-weight:bold
Web  LOG  Running application "main" with appParams:
 {"hydrate": undefined, "rootTag": "#root"}
Development-level warnings: ON.
Performance optimizations: OFF.
Web  ERROR  Unexpected text node: . A text node cannot be a child of a <View>.

Code: watchlist.tsx
[0m [90m 504 |[39m
 [90m 505 |[39m         [33m<[39m[33mYStack[39m f[33m=[39m{[35m1[39m} jc[33m=[39m[32m"space-between"[39m py[33m=[39m[32m"$1"[39m[33m>[39m
[31m[1m>[22m[39m[90m 506 |[39m           [33m<[39m[33mYStack[39m gap[33m=[39m[32m"$1"[39m[33m>[39m
 [90m     |[39m           [31m[1m^[22m[39m
 [90m 507 |[39m             [33m<[39m[33mText[39m
 [90m 508 |[39m               color[33m=[39m[32m"$color"[39m
 [90m 509 |[39m               fow[33m=[39m[32m"900"[39m[0m
Call Stack
  NextEpisodeCard (src/app/(tabs)/watchlist.tsx:506:11)
  items.map$argument_0 (src/app/(tabs)/watchlist.tsx:207:13)
  WatchlistGroupTV (src/app/(tabs)/watchlist.tsx:206:17)
  WatchlistScreen (src/app/(tabs)/watchlist.tsx:135:17)
  AppTabs (src/components/app-tabs.web.tsx:20:5)
  TabsLayout (src/app/(tabs)/_layout.tsx:4:10)
  TabLayout (src/app/_layout.tsx:21:9)
Web  ERROR  Unexpected text node: . A text node cannot be a child of a <View>.

Code: watchlist.tsx
[0m [90m 504 |[39m
 [90m 505 |[39m         [33m<[39m[33mYStack[39m f[33m=[39m{[35m1[39m} jc[33m=[39m[32m"space-between"[39m py[33m=[39m[32m"$1"[39m[33m>[39m
[31m[1m>[22m[39m[90m 506 |[39m           [33m<[39m[33mYStack[39m gap[33m=[39m[32m"$1"[39m[33m>[39m
 [90m     |[39m           [31m[1m^[22m[39m
 [90m 507 |[39m             [33m<[39m[33mText[39m
 [90m 508 |[39m               color[33m=[39m[32m"$color"[39m
 [90m 509 |[39m               fow[33m=[39m[32m"900"[39m[0m
Call Stack
  NextEpisodeCard (src/app/(tabs)/watchlist.tsx:506:11)
  items.map$argument_0 (src/app/(tabs)/watchlist.tsx:207:13)
  WatchlistGroupTV (src/app/(tabs)/watchlist.tsx:206:17)
  WatchlistScreen (src/app/(tabs)/watchlist.tsx:135:17)
  AppTabs (src/components/app-tabs.web.tsx:20:5)
  TabsLayout (src/app/(tabs)/_layout.tsx:4:10)
  TabLayout (src/app/_layout.tsx:21:9)
Web  WARN  Animated: `useNativeDriver` is not supported because the native animated module is missing. Falling back to JS-based animation. To resolve this, add `RCTAnimation` module to this app, or remove `useNativeDriver`. Make sure to run `bundle exec pod install` first. Read more about autolinking: https://github.com/react-native-community/cli/blob/master/docs/autolinking.md
Web  ERROR  Unexpected text node: . A text node cannot be a child of a <View>.

Code: watchlist.tsx
[0m [90m 504 |[39m
 [90m 505 |[39m         [33m<[39m[33mYStack[39m f[33m=[39m{[35m1[39m} jc[33m=[39m[32m"space-between"[39m py[33m=[39m[32m"$1"[39m[33m>[39m
[31m[1m>[22m[39m[90m 506 |[39m           [33m<[39m[33mYStack[39m gap[33m=[39m[32m"$1"[39m[33m>[39m
 [90m     |[39m           [31m[1m^[22m[39m
 [90m 507 |[39m             [33m<[39m[33mText[39m
 [90m 508 |[39m               color[33m=[39m[32m"$color"[39m
 [90m 509 |[39m               fow[33m=[39m[32m"900"[39m[0m
Call Stack
  NextEpisodeCard (src/app/(tabs)/watchlist.tsx:506:11)
  items.map$argument_0 (src/app/(tabs)/watchlist.tsx:207:13)
  WatchlistGroupTV (src/app/(tabs)/watchlist.tsx:206:17)
  WatchlistScreen (src/app/(tabs)/watchlist.tsx:135:17)
  AppTabs (src/components/app-tabs.web.tsx:20:5)
  TabsLayout (src/app/(tabs)/_layout.tsx:4:10)
  TabLayout (src/app/_layout.tsx:21:9)
Web  ERROR  Unexpected text node: . A text node cannot be a child of a <View>.

Code: watchlist.tsx
[0m [90m 504 |[39m
 [90m 505 |[39m         [33m<[39m[33mYStack[39m f[33m=[39m{[35m1[39m} jc[33m=[39m[32m"space-between"[39m py[33m=[39m[32m"$1"[39m[33m>[39m
[31m[1m>[22m[39m[90m 506 |[39m           [33m<[39m[33mYStack[39m gap[33m=[39m[32m"$1"[39m[33m>[39m
 [90m     |[39m           [31m[1m^[22m[39m
 [90m 507 |[39m             [33m<[39m[33mText[39m
 [90m 508 |[39m               color[33m=[39m[32m"$color"[39m
 [90m 509 |[39m               fow[33m=[39m[32m"900"[39m[0m
Call Stack
  NextEpisodeCard (src/app/(tabs)/watchlist.tsx:506:11)
  items.map$argument_0 (src/app/(tabs)/watchlist.tsx:207:13)
  WatchlistGroupTV (src/app/(tabs)/watchlist.tsx:206:17)
  WatchlistScreen (src/app/(tabs)/watchlist.tsx:135:17)
  AppTabs (src/components/app-tabs.web.tsx:20:5)
  TabsLayout (src/app/(tabs)/_layout.tsx:4:10)
  TabLayout (src/app/_layout.tsx:21:9)
Web  ERROR  Unexpected text node: . A text node cannot be a child of a <View>.

Code: watchlist.tsx
[0m [90m 504 |[39m
 [90m 505 |[39m         [33m<[39m[33mYStack[39m f[33m=[39m{[35m1[39m} jc[33m=[39m[32m"space-between"[39m py[33m=[39m[32m"$1"[39m[33m>[39m
[31m[1m>[22m[39m[90m 506 |[39m           [33m<[39m[33mYStack[39m gap[33m=[39m[32m"$1"[39m[33m>[39m
 [90m     |[39m           [31m[1m^[22m[39m
 [90m 507 |[39m             [33m<[39m[33mText[39m
 [90m 508 |[39m               color[33m=[39m[32m"$color"[39m
 [90m 509 |[39m               fow[33m=[39m[32m"900"[39m[0m
Call Stack
  NextEpisodeCard (src/app/(tabs)/watchlist.tsx:506:11)
  items.map$argument_0 (src/app/(tabs)/watchlist.tsx:207:13)
  WatchlistGroupTV (src/app/(tabs)/watchlist.tsx:206:17)
  WatchlistScreen (src/app/(tabs)/watchlist.tsx:135:17)
  AppTabs (src/components/app-tabs.web.tsx:20:5)
  TabsLayout (src/app/(tabs)/_layout.tsx:4:10)
  TabLayout (src/app/_layout.tsx:21:9)
