
> nexton@1.0.0 web /app
> expo start --web

Starting project at /app
Using src/app as the root directory for Expo Router.
React Compiler enabled
Starting Metro Bundler

Waiting on http://localhost:8081

An update for expo is available: 57.0.4 → ~57.0.11
18 other packages may need updating. Run npx expo install --check for details.
Logs for your project will appear below.
|   [tamagui] skipped loading 2 module, see: https://tamagui.dev/docs/intro/errors#warning-001
|   [tamagui] skipped loading 2 module, see: https://tamagui.dev/docs/intro/errors#warning-001
|  🐥 [tamagui]  [33mnative[0m profile                    ·   10 found   ·    9 opt   ·    6 flat    62ms
|  🐥 [tamagui]  [33mnative[0m discover                   ·   26 found   ·   25 opt   ·   20 flat  7171ms
|  🐥 [tamagui]  [33mnative[0m watchlist                  ·   29 found   ·   27 opt   ·   22 flat    85ms
|  🐥 [tamagui]  [33mnative[0m auth                       ·   24 found   ·   24 opt   ·   16 flat   120ms
|   [tamagui] skipped loading 2 module, see: https://tamagui.dev/docs/intro/errors#warning-001
|  🐥 [tamagui]  [33mnative[0m [episode]                  ·   31 found   ·   28 opt   ·   24 flat    88ms
|  🐥 [tamagui]  [33mnative[0m index                      ·   22 found   ·   19 opt   ·   16 flat  7246ms
|  🐥 [tamagui]  [33mnative[0m [id]                       ·   86 found   ·   79 opt   ·   67 flat   574ms
|  🐥 [tamagui]  [33mnative[0m StatsGrid                  ·   21 found   ·   21 opt   ·   17 flat    40ms
|  🐥 [tamagui]  [33mnative[0m ProfileHeader              ·   19 found   ·   18 opt   ·   11 flat   142ms
|  🐥 [tamagui]  [33mnative[0m PreferencesSection         ·   32 found   ·   32 opt   ·   27 flat   104ms
|  🐥 [tamagui]  [33mnative[0m MediaCarousel              ·    6 found   ·    5 opt   ·    5 flat    11ms
|  🐥 [tamagui]  [33mnative[0m SearchRow                  ·    9 found   ·    9 opt   ·    7 flat    19ms
|  🐥 [tamagui]  [33mnative[0m EmptyState                 ·    2 found   ·    2 opt   ·    2 flat     6ms
|  🐥 [tamagui]  [33mnative[0m SearchField                ·    3 found   ·    3 opt   ·    2 flat    15ms
|  🐥 [tamagui]  [33mnative[0m WatchlistMenu              ·    5 found   ·    4 opt   ·    0 flat    46ms
|  🐥 [tamagui]  [33mnative[0m WatchlistPosterCard        ·   10 found   ·   10 opt   ·    6 flat    66ms
|  🐥 [tamagui]  [33mnative[0m WatchlistTabs              ·    2 found   ·    2 opt   ·    1 flat    19ms
|  🐥 [tamagui]  [33mnative[0m WatchlistRow               ·   14 found   ·   14 opt   ·   12 flat    58ms
|  🐥 [tamagui]  [33mnative[0m ProfileSummary             ·   10 found   ·   10 opt   ·    9 flat    24ms
|  🐥 [tamagui]  [33mnative[0m UpNextCard                 ·   16 found   ·   16 opt   ·    8 flat    47ms
|  🐥 [tamagui]  [33mnative[0m RatingPill                 ·    3 found   ·    3 opt   ·    3 flat     5ms
|  🐥 [tamagui]  [33mnative[0m WatchlistButton            ·    1 found   ·    1 opt   ·    0 flat     9ms
|  🐥 [tamagui]  [33mnative[0m MediaCard                  ·    6 found   ·    6 opt   ·    3 flat    28ms
|  🐥 [tamagui]  [33mnative[0m WatchProgressBadge         ·    1 found   ·    1 opt   ·    0 flat    10ms
|  🐥 [tamagui]  [33mnative[0m profile                    ·   10 found   ·    9 opt   ·    6 flat    39ms
|  🐥 [tamagui]  [33mnative[0m index                      ·   22 found   ·   19 opt   ·   16 flat    81ms
|  🐥 [tamagui]  [33mnative[0m discover                   ·   26 found   ·   25 opt   ·   20 flat    48ms
|  🐥 [tamagui]  [33mnative[0m watchlist                  ·   29 found   ·   27 opt   ·   22 flat    96ms
|  🐥 [tamagui]  [33mnative[0m auth                       ·   24 found   ·   24 opt   ·   16 flat   127ms
|  🐥 [tamagui]  [33mnative[0m [episode]                  ·   31 found   ·   28 opt   ·   24 flat    90ms
|  🐥 [tamagui]  [33mnative[0m [id]                       ·   86 found   ·   79 opt   ·   67 flat   474ms
|  🐥 [tamagui]  [33mnative[0m RatingBadge                ·    3 found   ·    3 opt   ·    3 flat     5ms
|  🐥 [tamagui]  [33mnative[0m StatsGrid                  ·   21 found   ·   21 opt   ·   17 flat    26ms
|  🐥 [tamagui]  [33mnative[0m ProfileHeader              ·   19 found   ·   18 opt   ·   11 flat    70ms
|  🐥 [tamagui]  [33mnative[0m PreferencesSection         ·   32 found   ·   32 opt   ·   27 flat    70ms
|  🐥 [tamagui]  [33mnative[0m MediaCarousel              ·    6 found   ·    5 opt   ·    5 flat     8ms
|  🐥 [tamagui]  [33mnative[0m SearchRow                  ·    9 found   ·    9 opt   ·    7 flat    17ms
|  🐥 [tamagui]  [33mnative[0m EmptyState                 ·    2 found   ·    2 opt   ·    2 flat     4ms
|  🐥 [tamagui]  [33mnative[0m SearchField                ·    3 found   ·    3 opt   ·    2 flat    14ms
|  🐥 [tamagui]  [33mnative[0m ProfileSummary             ·   10 found   ·   10 opt   ·    9 flat    15ms
|  🐥 [tamagui]  [33mnative[0m UpNextCard                 ·   16 found   ·   16 opt   ·    8 flat    50ms
|  🐥 [tamagui]  [33mnative[0m WatchlistPosterCard        ·   10 found   ·   10 opt   ·    6 flat    30ms
|  🐥 [tamagui]  [33mnative[0m WatchlistMenu              ·    5 found   ·    4 opt   ·    0 flat    20ms
|  🐥 [tamagui]  [33mnative[0m WatchlistTabs              ·    2 found   ·    2 opt   ·    1 flat    14ms
|  🐥 [tamagui]  [33mnative[0m WatchlistRow               ·   14 found   ·   14 opt   ·   12 flat    29ms
|  🐥 [tamagui]  [33mnative[0m RatingPill                 ·    3 found   ·    3 opt   ·    3 flat     7ms
|  🐥 [tamagui]  [33mnative[0m MediaCard                  ·    6 found   ·    6 opt   ·    3 flat    18ms
|  🐥 [tamagui]  [33mnative[0m WatchProgressBadge         ·    1 found   ·    1 opt   ·    0 flat    14ms
|  🐥 [tamagui]  [33mnative[0m WatchlistButton            ·    1 found   ·    1 opt   ·    0 flat    10ms
|  🐥 [tamagui]  [33mnative[0m RatingBadge                ·    3 found   ·    3 opt   ·    3 flat    11ms
λ Bundled 43545ms node_modules/.pnpm/@expo+router-server@57.0.2_@expo+metro-runtime@57.0.3_expo-constants@57.0.3_expo-font@5_79e81ada88581ae96911464929492dbb/node_modules/@expo/router-server/node/render.js (2256 modules)
λ  WARN  "shadow*" style props are deprecated. Use "boxShadow".
λ  WARN  "textShadow*" style props are deprecated. Use "textShadow".
λ  WARN  [@tamagui] _withStableStyle: no ThemeStateContext found. This usually means duplicate tamagui instances in a monorepo. Falling back to default theme from config.
Web Bundled 46629ms node_modules/.pnpm/expo-router@57.0.4_2a65daf3c909213facf431583c17dc0c/node_modules/expo-router/entry.js (1875 modules)
⚠️⚠️⚠️⚠️⚠️

Tamagui: Using global config fallback. This may indicate duplicate tamagui instances (e.g., from Vite SSR bundling). This is handled automatically, but likely causes issues!

⚠️⚠️⚠️⚠️⚠️
λ Bundled 76ms node_modules/.pnpm/@expo+router-server@57.0.2_@expo+metro-runtime@57.0.3_expo-constants@57.0.3_expo-font@5_79e81ada88581ae96911464929492dbb/node_modules/@expo/router-server/node/render.js (1 module)
λ  WARN  "shadow*" style props are deprecated. Use "boxShadow".
λ  WARN  "textShadow*" style props are deprecated. Use "textShadow".
λ  WARN  [@tamagui] _withStableStyle: no ThemeStateContext found. This usually means duplicate tamagui instances in a monorepo. Falling back to default theme from config.
Web Bundled 2304ms node_modules/.pnpm/expo-router@57.0.4_2a65daf3c909213facf431583c17dc0c/node_modules/expo-router/entry.js (1 module)
λ Bundled 95ms node_modules/.pnpm/@expo+router-server@57.0.2_@expo+metro-runtime@57.0.3_expo-constants@57.0.3_expo-font@5_79e81ada88581ae96911464929492dbb/node_modules/@expo/router-server/node/render.js (1 module)
λ  WARN  "shadow*" style props are deprecated. Use "boxShadow".
λ  WARN  "textShadow*" style props are deprecated. Use "textShadow".
λ  WARN  [@tamagui] _withStableStyle: no ThemeStateContext found. This usually means duplicate tamagui instances in a monorepo. Falling back to default theme from config.
Web Bundled 1319ms node_modules/.pnpm/expo-router@57.0.4_2a65daf3c909213facf431583c17dc0c/node_modules/expo-router/entry.js (1 module)
|  🐥 [tamagui]  [33mnative[0m index                      ·   22 found   ·   19 opt   ·   16 flat    72ms
|  🐥 [tamagui]  [33mnative[0m discover                   ·   26 found   ·   25 opt   ·   20 flat    71ms
|  🐥 [tamagui]  [33mnative[0m profile                    ·   10 found   ·    9 opt   ·    6 flat    44ms
|  🐥 [tamagui]  [33mnative[0m auth                       ·   24 found   ·   24 opt   ·   16 flat    95ms
|  🐥 [tamagui]  [33mnative[0m watchlist                  ·   29 found   ·   27 opt   ·   22 flat    79ms
|  🐥 [tamagui]  [33mnative[0m [episode]                  ·   31 found   ·   28 opt   ·   24 flat    93ms
|  🐥 [tamagui]  [33mnative[0m UpNextCard                 ·   16 found   ·   16 opt   ·    8 flat    50ms
|  🐥 [tamagui]  [33mnative[0m [id]                       ·   86 found   ·   79 opt   ·   67 flat   363ms
|  🐥 [tamagui]  [33mnative[0m MediaCarousel              ·    6 found   ·    5 opt   ·    5 flat    17ms
|  🐥 [tamagui]  [33mnative[0m EmptyState                 ·    2 found   ·    2 opt   ·    2 flat    10ms
|  🐥 [tamagui]  [33mnative[0m ProfileHeader              ·   19 found   ·   18 opt   ·   11 flat    53ms
|  🐥 [tamagui]  [33mnative[0m WatchlistMenu              ·    5 found   ·    4 opt   ·    0 flat    28ms
|  🐥 [tamagui]  [33mnative[0m ProfileSummary             ·   10 found   ·   10 opt   ·    9 flat    16ms
|  🐥 [tamagui]  [33mnative[0m WatchlistRow               ·   14 found   ·   14 opt   ·   12 flat    31ms
|  🐥 [tamagui]  [33mnative[0m SearchRow                  ·    9 found   ·    9 opt   ·    7 flat    15ms
|  🐥 [tamagui]  [33mnative[0m SearchField                ·    3 found   ·    3 opt   ·    2 flat    28ms
|  🐥 [tamagui]  [33mnative[0m StatsGrid                  ·   21 found   ·   21 opt   ·   17 flat    25ms
|  🐥 [tamagui]  [33mnative[0m PreferencesSection         ·   32 found   ·   32 opt   ·   27 flat    66ms
|  🐥 [tamagui]  [33mnative[0m WatchlistTabs              ·    2 found   ·    2 opt   ·    1 flat    18ms
|  🐥 [tamagui]  [33mnative[0m WatchlistPosterCard        ·   10 found   ·   10 opt   ·    6 flat    41ms
|  🐥 [tamagui]  [33mnative[0m MediaCard                  ·    6 found   ·    6 opt   ·    3 flat    22ms
|  🐥 [tamagui]  [33mnative[0m WatchlistButton            ·    1 found   ·    1 opt   ·    0 flat    12ms
|  🐥 [tamagui]  [33mnative[0m WatchProgressBadge         ·    1 found   ·    1 opt   ·    0 flat     9ms
|  🐥 [tamagui]  [33mnative[0m RatingBadge                ·    3 found   ·    3 opt   ·    3 flat     5ms
|  🐥 [tamagui]  [33mnative[0m RatingPill                 ·    3 found   ·    3 opt   ·    3 flat     6ms
Web Bundled 15449ms node_modules/.pnpm/expo-router@57.0.4_2a65daf3c909213facf431583c17dc0c/node_modules/expo-router/entry.js (1879 modules)
Web  INFO  %cDownload the React DevTools for a better development experience: https://react.dev/link/react-devtools font-weight:bold
Web  LOG  Running application "main" with appParams:
 {"hydrate": undefined, "rootTag": "#root"}
Development-level warnings: ON.
Performance optimizations: OFF.
Web  WARN  "shadow*" style props are deprecated. Use "boxShadow".
Web  WARN  "textShadow*" style props are deprecated. Use "textShadow".
λ Bundled 101ms node_modules/.pnpm/@expo+router-server@57.0.2_@expo+metro-runtime@57.0.3_expo-constants@57.0.3_expo-font@5_79e81ada88581ae96911464929492dbb/node_modules/@expo/router-server/node/render.js (1 module)
λ  WARN  "shadow*" style props are deprecated. Use "boxShadow".
λ  WARN  "textShadow*" style props are deprecated. Use "textShadow".
λ  WARN  [@tamagui] _withStableStyle: no ThemeStateContext found. This usually means duplicate tamagui instances in a monorepo. Falling back to default theme from config.
Web Bundled 1425ms node_modules/.pnpm/expo-router@57.0.4_2a65daf3c909213facf431583c17dc0c/node_modules/expo-router/entry.js (1 module)
Web Bundled 78ms node_modules/.pnpm/expo-router@57.0.4_2a65daf3c909213facf431583c17dc0c/node_modules/expo-router/entry.js (1 module)
Web  INFO  %cDownload the React DevTools for a better development experience: https://react.dev/link/react-devtools font-weight:bold
Web  LOG  Running application "main" with appParams:
 {"hydrate": undefined, "rootTag": "#root"}
Development-level warnings: ON.
Performance optimizations: OFF.
Web  WARN  "shadow*" style props are deprecated. Use "boxShadow".
Web  WARN  "textShadow*" style props are deprecated. Use "textShadow".
|  🐥 [tamagui]  [33mnative[0m [id]                       ·   86 found   ·   79 opt   ·   67 flat   311ms
Web Bundled 1022ms node_modules/.pnpm/expo-router@57.0.4_2a65daf3c909213facf431583c17dc0c/node_modules/expo-router/entry.js (1 module)
|  🐥 [tamagui]  [33mnative[0m [id]                       ·   86 found   ·   79 opt   ·   67 flat   337ms
λ Bundled 1436ms node_modules/.pnpm/@expo+router-server@57.0.2_@expo+metro-runtime@57.0.3_expo-constants@57.0.3_expo-font@5_79e81ada88581ae96911464929492dbb/node_modules/@expo/router-server/node/render.js (1 module)
λ  WARN  "shadow*" style props are deprecated. Use "boxShadow".
λ  WARN  "textShadow*" style props are deprecated. Use "textShadow".
λ  WARN  [@tamagui] _withStableStyle: no ThemeStateContext found. This usually means duplicate tamagui instances in a monorepo. Falling back to default theme from config.
|  🐥 [tamagui]  [33mnative[0m [id]                       ·   86 found   ·   79 opt   ·   67 flat   299ms
Web Bundled 739ms node_modules/.pnpm/expo-router@57.0.4_2a65daf3c909213facf431583c17dc0c/node_modules/expo-router/entry.js (1 module)
Web  INFO  %cDownload the React DevTools for a better development experience: https://react.dev/link/react-devtools font-weight:bold
Web  LOG  Running application "main" with appParams:
 {"hydrate": undefined, "rootTag": "#root"}
Development-level warnings: ON.
Performance optimizations: OFF.
Web  WARN  "shadow*" style props are deprecated. Use "boxShadow".
Web  WARN  "textShadow*" style props are deprecated. Use "textShadow".
