
> nexton@1.0.0 web /app
> expo start --web

Starting project at /app
Using src/app as the root directory for Expo Router.
React Compiler enabled
Starting Metro Bundler

Waiting on http://localhost:8081

An update for expo is available: 57.0.4 → ~57.0.12
18 other packages may need updating. Run npx expo install --check for details.
Logs for your project will appear below.
λ Bundled 3773ms node_modules/.pnpm/@expo+router-server@57.0.2_@expo+metro-runtime@57.0.3_expo-constants@57.0.3_expo-font@5_79e81ada88581ae96911464929492dbb/node_modules/@expo/router-server/node/render.js (2243 modules)
λ  WARN  "shadow*" style props are deprecated. Use "boxShadow".
λ  WARN  "textShadow*" style props are deprecated. Use "textShadow".
λ  WARN  [@tamagui] _withStableStyle: no ThemeStateContext found. This usually means duplicate tamagui instances in a monorepo. Falling back to default theme from config.
Web Bundled 5697ms node_modules/.pnpm/expo-router@57.0.4_2a65daf3c909213facf431583c17dc0c/node_modules/expo-router/entry.js (1873 modules)
⚠️⚠️⚠️⚠️⚠️

Tamagui: Using global config fallback. This may indicate duplicate tamagui instances (e.g., from Vite SSR bundling). This is handled automatically, but likely causes issues!

⚠️⚠️⚠️⚠️⚠️
λ Bundled 101ms node_modules/.pnpm/@expo+router-server@57.0.2_@expo+metro-runtime@57.0.3_expo-constants@57.0.3_expo-font@5_79e81ada88581ae96911464929492dbb/node_modules/@expo/router-server/node/render.js (1 module)
λ  WARN  "shadow*" style props are deprecated. Use "boxShadow".
λ  WARN  "textShadow*" style props are deprecated. Use "textShadow".
λ  WARN  [@tamagui] _withStableStyle: no ThemeStateContext found. This usually means duplicate tamagui instances in a monorepo. Falling back to default theme from config.
Web Bundled 1371ms node_modules/.pnpm/expo-router@57.0.4_2a65daf3c909213facf431583c17dc0c/node_modules/expo-router/entry.js (1 module)
Web Bundled 1349ms node_modules/.pnpm/expo-router@57.0.4_2a65daf3c909213facf431583c17dc0c/node_modules/expo-router/entry.js (1872 modules)
Web  INFO  %cDownload the React DevTools for a better development experience: https://react.dev/link/react-devtools font-weight:bold
Web  LOG  Running application "main" with appParams:
 {"hydrate": undefined, "rootTag": "#root"}
Development-level warnings: ON.
Performance optimizations: OFF.
Web  WARN  "shadow*" style props are deprecated. Use "boxShadow".
Web  WARN  "textShadow*" style props are deprecated. Use "textShadow".
λ Bundled 86ms node_modules/.pnpm/@expo+router-server@57.0.2_@expo+metro-runtime@57.0.3_expo-constants@57.0.3_expo-font@5_79e81ada88581ae96911464929492dbb/node_modules/@expo/router-server/node/render.js (1 module)
λ  WARN  "shadow*" style props are deprecated. Use "boxShadow".
λ  WARN  "textShadow*" style props are deprecated. Use "textShadow".
λ  WARN  [@tamagui] _withStableStyle: no ThemeStateContext found. This usually means duplicate tamagui instances in a monorepo. Falling back to default theme from config.
Web Bundled 1344ms node_modules/.pnpm/expo-router@57.0.4_2a65daf3c909213facf431583c17dc0c/node_modules/expo-router/entry.js (1 module)
Web Bundled 74ms node_modules/.pnpm/expo-router@57.0.4_2a65daf3c909213facf431583c17dc0c/node_modules/expo-router/entry.js (1 module)
Web  INFO  %cDownload the React DevTools for a better development experience: https://react.dev/link/react-devtools font-weight:bold
Web  LOG  Running application "main" with appParams:
 {"hydrate": undefined, "rootTag": "#root"}
Development-level warnings: ON.
Performance optimizations: OFF.
Web  WARN  "shadow*" style props are deprecated. Use "boxShadow".
Web  WARN  "textShadow*" style props are deprecated. Use "textShadow".
λ Bundled 88ms node_modules/.pnpm/@expo+router-server@57.0.2_@expo+metro-runtime@57.0.3_expo-constants@57.0.3_expo-font@5_79e81ada88581ae96911464929492dbb/node_modules/@expo/router-server/node/render.js (1 module)
λ  WARN  "shadow*" style props are deprecated. Use "boxShadow".
λ  WARN  "textShadow*" style props are deprecated. Use "textShadow".
λ  WARN  [@tamagui] _withStableStyle: no ThemeStateContext found. This usually means duplicate tamagui instances in a monorepo. Falling back to default theme from config.
Web Bundled 1307ms node_modules/.pnpm/expo-router@57.0.4_2a65daf3c909213facf431583c17dc0c/node_modules/expo-router/entry.js (1 module)
Web Bundled 73ms node_modules/.pnpm/expo-router@57.0.4_2a65daf3c909213facf431583c17dc0c/node_modules/expo-router/entry.js (1 module)
Web  INFO  %cDownload the React DevTools for a better development experience: https://react.dev/link/react-devtools font-weight:bold
Web  LOG  Running application "main" with appParams:
 {"hydrate": undefined, "rootTag": "#root"}
Development-level warnings: ON.
Performance optimizations: OFF.
Web  WARN  "shadow*" style props are deprecated. Use "boxShadow".
Web  WARN  "textShadow*" style props are deprecated. Use "textShadow".
λ Bundled 82ms node_modules/.pnpm/@expo+router-server@57.0.2_@expo+metro-runtime@57.0.3_expo-constants@57.0.3_expo-font@5_79e81ada88581ae96911464929492dbb/node_modules/@expo/router-server/node/render.js (1 module)
λ  WARN  "shadow*" style props are deprecated. Use "boxShadow".
λ  WARN  "textShadow*" style props are deprecated. Use "textShadow".
λ  WARN  [@tamagui] _withStableStyle: no ThemeStateContext found. This usually means duplicate tamagui instances in a monorepo. Falling back to default theme from config.
Web Bundled 1415ms node_modules/.pnpm/expo-router@57.0.4_2a65daf3c909213facf431583c17dc0c/node_modules/expo-router/entry.js (1 module)
Web Bundled 79ms node_modules/.pnpm/expo-router@57.0.4_2a65daf3c909213facf431583c17dc0c/node_modules/expo-router/entry.js (1 module)
Web  INFO  %cDownload the React DevTools for a better development experience: https://react.dev/link/react-devtools font-weight:bold
Web  LOG  Running application "main" with appParams:
 {"hydrate": undefined, "rootTag": "#root"}
Development-level warnings: ON.
Performance optimizations: OFF.
Web  WARN  "shadow*" style props are deprecated. Use "boxShadow".
Web  WARN  "textShadow*" style props are deprecated. Use "textShadow".
λ Bundled 62ms node_modules/.pnpm/@expo+router-server@57.0.2_@expo+metro-runtime@57.0.3_expo-constants@57.0.3_expo-font@5_79e81ada88581ae96911464929492dbb/node_modules/@expo/router-server/node/render.js (1 module)
λ  WARN  "shadow*" style props are deprecated. Use "boxShadow".
λ  WARN  "textShadow*" style props are deprecated. Use "textShadow".
λ  WARN  [@tamagui] _withStableStyle: no ThemeStateContext found. This usually means duplicate tamagui instances in a monorepo. Falling back to default theme from config.
Web Bundled 1327ms node_modules/.pnpm/expo-router@57.0.4_2a65daf3c909213facf431583c17dc0c/node_modules/expo-router/entry.js (1 module)
Web Bundled 75ms node_modules/.pnpm/expo-router@57.0.4_2a65daf3c909213facf431583c17dc0c/node_modules/expo-router/entry.js (1 module)
Web  INFO  %cDownload the React DevTools for a better development experience: https://react.dev/link/react-devtools font-weight:bold
Web  LOG  Running application "main" with appParams:
 {"hydrate": undefined, "rootTag": "#root"}
Development-level warnings: ON.
Performance optimizations: OFF.
Web  WARN  "shadow*" style props are deprecated. Use "boxShadow".
Web  WARN  "textShadow*" style props are deprecated. Use "textShadow".
λ Bundled 63ms node_modules/.pnpm/@expo+router-server@57.0.2_@expo+metro-runtime@57.0.3_expo-constants@57.0.3_expo-font@5_79e81ada88581ae96911464929492dbb/node_modules/@expo/router-server/node/render.js (1 module)
λ  WARN  "shadow*" style props are deprecated. Use "boxShadow".
λ  WARN  "textShadow*" style props are deprecated. Use "textShadow".
λ  WARN  [@tamagui] _withStableStyle: no ThemeStateContext found. This usually means duplicate tamagui instances in a monorepo. Falling back to default theme from config.
Web Bundled 1347ms node_modules/.pnpm/expo-router@57.0.4_2a65daf3c909213facf431583c17dc0c/node_modules/expo-router/entry.js (1 module)
Web Bundled 73ms node_modules/.pnpm/expo-router@57.0.4_2a65daf3c909213facf431583c17dc0c/node_modules/expo-router/entry.js (1 module)
Web  INFO  %cDownload the React DevTools for a better development experience: https://react.dev/link/react-devtools font-weight:bold
Web  LOG  Running application "main" with appParams:
 {"hydrate": undefined, "rootTag": "#root"}
Development-level warnings: ON.
Performance optimizations: OFF.
Web  WARN  "shadow*" style props are deprecated. Use "boxShadow".
Web  WARN  "textShadow*" style props are deprecated. Use "textShadow".
λ Bundled 64ms node_modules/.pnpm/@expo+router-server@57.0.2_@expo+metro-runtime@57.0.3_expo-constants@57.0.3_expo-font@5_79e81ada88581ae96911464929492dbb/node_modules/@expo/router-server/node/render.js (1 module)
λ  WARN  "shadow*" style props are deprecated. Use "boxShadow".
λ  WARN  "textShadow*" style props are deprecated. Use "textShadow".
λ  WARN  [@tamagui] _withStableStyle: no ThemeStateContext found. This usually means duplicate tamagui instances in a monorepo. Falling back to default theme from config.
Web Bundled 1313ms node_modules/.pnpm/expo-router@57.0.4_2a65daf3c909213facf431583c17dc0c/node_modules/expo-router/entry.js (1 module)
Web Bundled 72ms node_modules/.pnpm/expo-router@57.0.4_2a65daf3c909213facf431583c17dc0c/node_modules/expo-router/entry.js (1 module)
Web  INFO  %cDownload the React DevTools for a better development experience: https://react.dev/link/react-devtools font-weight:bold
Web  LOG  Running application "main" with appParams:
 {"hydrate": undefined, "rootTag": "#root"}
Development-level warnings: ON.
Performance optimizations: OFF.
Web  WARN  "shadow*" style props are deprecated. Use "boxShadow".
Web  WARN  "textShadow*" style props are deprecated. Use "textShadow".
λ Bundled 64ms node_modules/.pnpm/@expo+router-server@57.0.2_@expo+metro-runtime@57.0.3_expo-constants@57.0.3_expo-font@5_79e81ada88581ae96911464929492dbb/node_modules/@expo/router-server/node/render.js (1 module)
λ  WARN  "shadow*" style props are deprecated. Use "boxShadow".
λ  WARN  "textShadow*" style props are deprecated. Use "textShadow".
λ  WARN  [@tamagui] _withStableStyle: no ThemeStateContext found. This usually means duplicate tamagui instances in a monorepo. Falling back to default theme from config.
Web Bundled 1386ms node_modules/.pnpm/expo-router@57.0.4_2a65daf3c909213facf431583c17dc0c/node_modules/expo-router/entry.js (1 module)
Web Bundled 72ms node_modules/.pnpm/expo-router@57.0.4_2a65daf3c909213facf431583c17dc0c/node_modules/expo-router/entry.js (1 module)
Web  INFO  %cDownload the React DevTools for a better development experience: https://react.dev/link/react-devtools font-weight:bold
Web  LOG  Running application "main" with appParams:
 {"hydrate": undefined, "rootTag": "#root"}
Development-level warnings: ON.
Performance optimizations: OFF.
Web  WARN  "shadow*" style props are deprecated. Use "boxShadow".
Web  WARN  "textShadow*" style props are deprecated. Use "textShadow".
λ Bundled 86ms node_modules/.pnpm/@expo+router-server@57.0.2_@expo+metro-runtime@57.0.3_expo-constants@57.0.3_expo-font@5_79e81ada88581ae96911464929492dbb/node_modules/@expo/router-server/node/render.js (1 module)
λ  WARN  "shadow*" style props are deprecated. Use "boxShadow".
λ  WARN  "textShadow*" style props are deprecated. Use "textShadow".
λ  WARN  [@tamagui] _withStableStyle: no ThemeStateContext found. This usually means duplicate tamagui instances in a monorepo. Falling back to default theme from config.
Web Bundled 1365ms node_modules/.pnpm/expo-router@57.0.4_2a65daf3c909213facf431583c17dc0c/node_modules/expo-router/entry.js (1 module)
Web Bundled 74ms node_modules/.pnpm/expo-router@57.0.4_2a65daf3c909213facf431583c17dc0c/node_modules/expo-router/entry.js (1 module)
Web  INFO  %cDownload the React DevTools for a better development experience: https://react.dev/link/react-devtools font-weight:bold
Web  LOG  Running application "main" with appParams:
 {"hydrate": undefined, "rootTag": "#root"}
Development-level warnings: ON.
Performance optimizations: OFF.
Web  WARN  "shadow*" style props are deprecated. Use "boxShadow".
Web  WARN  "textShadow*" style props are deprecated. Use "textShadow".
λ Bundled 59ms node_modules/.pnpm/@expo+router-server@57.0.2_@expo+metro-runtime@57.0.3_expo-constants@57.0.3_expo-font@5_79e81ada88581ae96911464929492dbb/node_modules/@expo/router-server/node/render.js (1 module)
λ  WARN  "shadow*" style props are deprecated. Use "boxShadow".
λ  WARN  "textShadow*" style props are deprecated. Use "textShadow".
λ  WARN  [@tamagui] _withStableStyle: no ThemeStateContext found. This usually means duplicate tamagui instances in a monorepo. Falling back to default theme from config.
Web Bundled 1379ms node_modules/.pnpm/expo-router@57.0.4_2a65daf3c909213facf431583c17dc0c/node_modules/expo-router/entry.js (1 module)
Web Bundled 71ms node_modules/.pnpm/expo-router@57.0.4_2a65daf3c909213facf431583c17dc0c/node_modules/expo-router/entry.js (1 module)
Web  INFO  %cDownload the React DevTools for a better development experience: https://react.dev/link/react-devtools font-weight:bold
Web  LOG  Running application "main" with appParams:
 {"hydrate": undefined, "rootTag": "#root"}
Development-level warnings: ON.
Performance optimizations: OFF.
Web  WARN  "shadow*" style props are deprecated. Use "boxShadow".
Web  WARN  "textShadow*" style props are deprecated. Use "textShadow".
λ Bundled 61ms node_modules/.pnpm/@expo+router-server@57.0.2_@expo+metro-runtime@57.0.3_expo-constants@57.0.3_expo-font@5_79e81ada88581ae96911464929492dbb/node_modules/@expo/router-server/node/render.js (1 module)
λ  WARN  "shadow*" style props are deprecated. Use "boxShadow".
λ  WARN  "textShadow*" style props are deprecated. Use "textShadow".
λ  WARN  [@tamagui] _withStableStyle: no ThemeStateContext found. This usually means duplicate tamagui instances in a monorepo. Falling back to default theme from config.
Web Bundled 1359ms node_modules/.pnpm/expo-router@57.0.4_2a65daf3c909213facf431583c17dc0c/node_modules/expo-router/entry.js (1 module)
Web Bundled 72ms node_modules/.pnpm/expo-router@57.0.4_2a65daf3c909213facf431583c17dc0c/node_modules/expo-router/entry.js (1 module)
Web  INFO  %cDownload the React DevTools for a better development experience: https://react.dev/link/react-devtools font-weight:bold
Web  LOG  Running application "main" with appParams:
 {"hydrate": undefined, "rootTag": "#root"}
Development-level warnings: ON.
Performance optimizations: OFF.
Web  WARN  "shadow*" style props are deprecated. Use "boxShadow".
Web  WARN  "textShadow*" style props are deprecated. Use "textShadow".
λ Bundled 66ms node_modules/.pnpm/@expo+router-server@57.0.2_@expo+metro-runtime@57.0.3_expo-constants@57.0.3_expo-font@5_79e81ada88581ae96911464929492dbb/node_modules/@expo/router-server/node/render.js (1 module)
λ  WARN  "shadow*" style props are deprecated. Use "boxShadow".
λ  WARN  "textShadow*" style props are deprecated. Use "textShadow".
λ  WARN  [@tamagui] _withStableStyle: no ThemeStateContext found. This usually means duplicate tamagui instances in a monorepo. Falling back to default theme from config.
Web Bundled 1487ms node_modules/.pnpm/expo-router@57.0.4_2a65daf3c909213facf431583c17dc0c/node_modules/expo-router/entry.js (1 module)
Web Bundled 73ms node_modules/.pnpm/expo-router@57.0.4_2a65daf3c909213facf431583c17dc0c/node_modules/expo-router/entry.js (1 module)
Web  INFO  %cDownload the React DevTools for a better development experience: https://react.dev/link/react-devtools font-weight:bold
Web  LOG  Running application "main" with appParams:
 {"hydrate": undefined, "rootTag": "#root"}
Development-level warnings: ON.
Performance optimizations: OFF.
Web  WARN  "shadow*" style props are deprecated. Use "boxShadow".
Web  WARN  "textShadow*" style props are deprecated. Use "textShadow".
λ Bundled 68ms node_modules/.pnpm/@expo+router-server@57.0.2_@expo+metro-runtime@57.0.3_expo-constants@57.0.3_expo-font@5_79e81ada88581ae96911464929492dbb/node_modules/@expo/router-server/node/render.js (1 module)
λ  WARN  "shadow*" style props are deprecated. Use "boxShadow".
λ  WARN  "textShadow*" style props are deprecated. Use "textShadow".
λ  WARN  [@tamagui] _withStableStyle: no ThemeStateContext found. This usually means duplicate tamagui instances in a monorepo. Falling back to default theme from config.
Web Bundled 1564ms node_modules/.pnpm/expo-router@57.0.4_2a65daf3c909213facf431583c17dc0c/node_modules/expo-router/entry.js (1 module)
Web Bundled 80ms node_modules/.pnpm/expo-router@57.0.4_2a65daf3c909213facf431583c17dc0c/node_modules/expo-router/entry.js (1 module)
Web  INFO  %cDownload the React DevTools for a better development experience: https://react.dev/link/react-devtools font-weight:bold
Web  LOG  Running application "main" with appParams:
 {"hydrate": undefined, "rootTag": "#root"}
Development-level warnings: ON.
Performance optimizations: OFF.
Web  WARN  "shadow*" style props are deprecated. Use "boxShadow".
Web  WARN  "textShadow*" style props are deprecated. Use "textShadow".
λ Bundled 66ms node_modules/.pnpm/@expo+router-server@57.0.2_@expo+metro-runtime@57.0.3_expo-constants@57.0.3_expo-font@5_79e81ada88581ae96911464929492dbb/node_modules/@expo/router-server/node/render.js (1 module)
λ  WARN  "shadow*" style props are deprecated. Use "boxShadow".
λ  WARN  "textShadow*" style props are deprecated. Use "textShadow".
λ  WARN  [@tamagui] _withStableStyle: no ThemeStateContext found. This usually means duplicate tamagui instances in a monorepo. Falling back to default theme from config.
Web Bundled 1240ms node_modules/.pnpm/expo-router@57.0.4_2a65daf3c909213facf431583c17dc0c/node_modules/expo-router/entry.js (1 module)
Web Bundled 72ms node_modules/.pnpm/expo-router@57.0.4_2a65daf3c909213facf431583c17dc0c/node_modules/expo-router/entry.js (1 module)
Web  INFO  %cDownload the React DevTools for a better development experience: https://react.dev/link/react-devtools font-weight:bold
Web  LOG  Running application "main" with appParams:
 {"hydrate": undefined, "rootTag": "#root"}
Development-level warnings: ON.
Performance optimizations: OFF.
Web  WARN  "shadow*" style props are deprecated. Use "boxShadow".
Web  WARN  "textShadow*" style props are deprecated. Use "textShadow".
|   [tamagui] skipped loading 2 module, see: https://tamagui.dev/docs/intro/errors#warning-001
|  🐥 [tamagui]  [33mnative[0m index                      ·   54 found   ·   52 opt   ·   40 flat  5158ms
Web Bundled 7081ms node_modules/.pnpm/expo-router@57.0.4_2a65daf3c909213facf431583c17dc0c/node_modules/expo-router/entry.js (1 module)
λ Bundled 7347ms node_modules/.pnpm/@expo+router-server@57.0.2_@expo+metro-runtime@57.0.3_expo-constants@57.0.3_expo-font@5_79e81ada88581ae96911464929492dbb/node_modules/@expo/router-server/node/render.js (1 module)
|  🐥 [tamagui]  [33mnative[0m index                      ·   54 found   ·   52 opt   ·   40 flat   170ms
λ  WARN  "shadow*" style props are deprecated. Use "boxShadow".
λ  WARN  "textShadow*" style props are deprecated. Use "textShadow".
λ  WARN  [@tamagui] _withStableStyle: no ThemeStateContext found. This usually means duplicate tamagui instances in a monorepo. Falling back to default theme from config.
|  🐥 [tamagui]  [33mnative[0m index                      ·   54 found   ·   52 opt   ·   40 flat   173ms
Web Bundled 561ms node_modules/.pnpm/expo-router@57.0.4_2a65daf3c909213facf431583c17dc0c/node_modules/expo-router/entry.js (1 module)
Web  INFO  %cDownload the React DevTools for a better development experience: https://react.dev/link/react-devtools font-weight:bold
Web  LOG  Running application "main" with appParams:
 {"hydrate": undefined, "rootTag": "#root"}
Development-level warnings: ON.
Performance optimizations: OFF.
Web  WARN  "shadow*" style props are deprecated. Use "boxShadow".
Web  WARN  "textShadow*" style props are deprecated. Use "textShadow".
λ Bundled 69ms node_modules/.pnpm/@expo+router-server@57.0.2_@expo+metro-runtime@57.0.3_expo-constants@57.0.3_expo-font@5_79e81ada88581ae96911464929492dbb/node_modules/@expo/router-server/node/render.js (1 module)
λ  WARN  "shadow*" style props are deprecated. Use "boxShadow".
λ  WARN  "textShadow*" style props are deprecated. Use "textShadow".
λ  WARN  [@tamagui] _withStableStyle: no ThemeStateContext found. This usually means duplicate tamagui instances in a monorepo. Falling back to default theme from config.
Web Bundled 1323ms node_modules/.pnpm/expo-router@57.0.4_2a65daf3c909213facf431583c17dc0c/node_modules/expo-router/entry.js (1 module)
Web Bundled 277ms node_modules/.pnpm/expo-router@57.0.4_2a65daf3c909213facf431583c17dc0c/node_modules/expo-router/entry.js (1 module)
Web  INFO  %cDownload the React DevTools for a better development experience: https://react.dev/link/react-devtools font-weight:bold
Web  LOG  Running application "main" with appParams:
 {"hydrate": undefined, "rootTag": "#root"}
Development-level warnings: ON.
Performance optimizations: OFF.
Web  WARN  "shadow*" style props are deprecated. Use "boxShadow".
Web  WARN  "textShadow*" style props are deprecated. Use "textShadow".
λ Bundled 63ms node_modules/.pnpm/@expo+router-server@57.0.2_@expo+metro-runtime@57.0.3_expo-constants@57.0.3_expo-font@5_79e81ada88581ae96911464929492dbb/node_modules/@expo/router-server/node/render.js (1 module)
λ  WARN  "shadow*" style props are deprecated. Use "boxShadow".
λ  WARN  "textShadow*" style props are deprecated. Use "textShadow".
λ  WARN  [@tamagui] _withStableStyle: no ThemeStateContext found. This usually means duplicate tamagui instances in a monorepo. Falling back to default theme from config.
Web Bundled 1621ms node_modules/.pnpm/expo-router@57.0.4_2a65daf3c909213facf431583c17dc0c/node_modules/expo-router/entry.js (1 module)
Web Bundled 87ms node_modules/.pnpm/expo-router@57.0.4_2a65daf3c909213facf431583c17dc0c/node_modules/expo-router/entry.js (1 module)
Web  INFO  %cDownload the React DevTools for a better development experience: https://react.dev/link/react-devtools font-weight:bold
Web  LOG  Running application "main" with appParams:
 {"hydrate": undefined, "rootTag": "#root"}
Development-level warnings: ON.
Performance optimizations: OFF.
Web  WARN  "shadow*" style props are deprecated. Use "boxShadow".
Web  WARN  "textShadow*" style props are deprecated. Use "textShadow".
λ Bundled 67ms node_modules/.pnpm/@expo+router-server@57.0.2_@expo+metro-runtime@57.0.3_expo-constants@57.0.3_expo-font@5_79e81ada88581ae96911464929492dbb/node_modules/@expo/router-server/node/render.js (1 module)
λ  WARN  "shadow*" style props are deprecated. Use "boxShadow".
λ  WARN  "textShadow*" style props are deprecated. Use "textShadow".
λ  WARN  [@tamagui] _withStableStyle: no ThemeStateContext found. This usually means duplicate tamagui instances in a monorepo. Falling back to default theme from config.
Web Bundled 1307ms node_modules/.pnpm/expo-router@57.0.4_2a65daf3c909213facf431583c17dc0c/node_modules/expo-router/entry.js (1 module)
Web Bundled 259ms node_modules/.pnpm/expo-router@57.0.4_2a65daf3c909213facf431583c17dc0c/node_modules/expo-router/entry.js (1 module)
Web  INFO  %cDownload the React DevTools for a better development experience: https://react.dev/link/react-devtools font-weight:bold
Web  LOG  Running application "main" with appParams:
 {"hydrate": undefined, "rootTag": "#root"}
Development-level warnings: ON.
Performance optimizations: OFF.
Web  WARN  "shadow*" style props are deprecated. Use "boxShadow".
Web  WARN  "textShadow*" style props are deprecated. Use "textShadow".
λ Bundled 62ms node_modules/.pnpm/@expo+router-server@57.0.2_@expo+metro-runtime@57.0.3_expo-constants@57.0.3_expo-font@5_79e81ada88581ae96911464929492dbb/node_modules/@expo/router-server/node/render.js (1 module)
λ  WARN  "shadow*" style props are deprecated. Use "boxShadow".
λ  WARN  "textShadow*" style props are deprecated. Use "textShadow".
λ  WARN  [@tamagui] _withStableStyle: no ThemeStateContext found. This usually means duplicate tamagui instances in a monorepo. Falling back to default theme from config.
Web Bundled 1602ms node_modules/.pnpm/expo-router@57.0.4_2a65daf3c909213facf431583c17dc0c/node_modules/expo-router/entry.js (1 module)
Web Bundled 78ms node_modules/.pnpm/expo-router@57.0.4_2a65daf3c909213facf431583c17dc0c/node_modules/expo-router/entry.js (1 module)
Web  INFO  %cDownload the React DevTools for a better development experience: https://react.dev/link/react-devtools font-weight:bold
Web  LOG  Running application "main" with appParams:
 {"hydrate": undefined, "rootTag": "#root"}
Development-level warnings: ON.
Performance optimizations: OFF.
Web  WARN  "shadow*" style props are deprecated. Use "boxShadow".
Web  WARN  "textShadow*" style props are deprecated. Use "textShadow".
λ Bundled 67ms node_modules/.pnpm/@expo+router-server@57.0.2_@expo+metro-runtime@57.0.3_expo-constants@57.0.3_expo-font@5_79e81ada88581ae96911464929492dbb/node_modules/@expo/router-server/node/render.js (1 module)
λ  WARN  "shadow*" style props are deprecated. Use "boxShadow".
λ  WARN  "textShadow*" style props are deprecated. Use "textShadow".
λ  WARN  [@tamagui] _withStableStyle: no ThemeStateContext found. This usually means duplicate tamagui instances in a monorepo. Falling back to default theme from config.
Web Bundled 1233ms node_modules/.pnpm/expo-router@57.0.4_2a65daf3c909213facf431583c17dc0c/node_modules/expo-router/entry.js (1 module)
Web Bundled 71ms node_modules/.pnpm/expo-router@57.0.4_2a65daf3c909213facf431583c17dc0c/node_modules/expo-router/entry.js (1 module)
Web  INFO  %cDownload the React DevTools for a better development experience: https://react.dev/link/react-devtools font-weight:bold
Web  LOG  Running application "main" with appParams:
 {"hydrate": undefined, "rootTag": "#root"}
Development-level warnings: ON.
Performance optimizations: OFF.
Web  WARN  "shadow*" style props are deprecated. Use "boxShadow".
Web  WARN  "textShadow*" style props are deprecated. Use "textShadow".
